// Jest Snapshot v1, https://goo.gl/fbAQLP

exports[`the TableContent component should render correctly 1`] = `
<DocumentFragment>
  <div>
    <div>
      item
    </div>
    <div>
      price
    </div>
    <div>
      quantity
    </div>
    <div>
      subtotal
    </div>
  </div>
</DocumentFragment>
`;
