// Jest Snapshot v1, https://goo.gl/fbAQLP

exports[`the Table component should render correctly 1`] = `
<DocumentFragment>
  <div>
    <div>
      <div>
        <div>
          item
        </div>
        <div>
          price
        </div>
        <div>
          quantity
        </div>
        <div>
          subtotal
        </div>
      </div>
      <div>
        <div />
        <div>
          50
        </div>
        <div>
          2
        </div>
        <div>
          100
        </div>
      </div>
      <div>
        <div />
        <div>
          50
        </div>
        <div>
          2
        </div>
        <div>
          100
        </div>
      </div>
      <div>
        <div />
        <div>
          50
        </div>
        <div>
          2
        </div>
        <div>
          100
        </div>
      </div>
      <div>
        <div />
        <div>
          50
        </div>
        <div>
          2
        </div>
        <div>
          100
        </div>
      </div>
    </div>
  </div>
</DocumentFragment>
`;
